Setting environment for using XAMPP for Windows.
710861@203-IMAC18 c:\xampp
# mysql -u root -p
Enter password:
Welcome to the MariaDB monitor.  Commands end with ; or \g.
Your MariaDB connection id is 3
Server version: 10.1.21-MariaDB mariadb.org binary distribution

Copyright (c) 2000, 2016, Oracle, MariaDB Corporation Ab and others.

Type 'help;' or '\h' for help. Type '\c' to clear the current input statement.

MariaDB [(none)]> show databases;
+--------------------+
| Database           |
+--------------------+
| c0710861           |
| examc0710861       |
| information_schema |
| menagerie          |
| movies             |
| mysql              |
| mytestdb           |
| performance_schema |
| phpmyadmin         |
| stutestdb          |
| test               |
+--------------------+
11 rows in set (0.00 sec)

MariaDB [(none)]> use examc0710861
Database changed
MariaDB [examc0710861]> CREATE TABLE Employee (    ->   EmployeeID INTEGER PRIMARY KEY NOT NULL,    ->   Name TEXT NOT NULL,    ->   Position TEXT NOT NULL,    ->   Salary REAL NOT NULL,    ->   Remarks TEXT    -> );
ERROR 1064 (42000): You have an error in your SQL syntax; check the manual that corresponds to your MariaDB server version for the right syntax to use near '->   EmployeeID INTEGER PRIMARY KEY NOT NULL,    ->   Name TEXT NOT NULL,    -> ' at line 1
MariaDB [examc0710861]> CREATE TABLE Employee (
    -> EmployeeID INTEGER PRIMARY KEY NOT NULL,
    ->  Name TEXT NOT NULL,
    -> Position TEXT NOT NULL
    -> Salary REAL NOT NULL,
    ->  Remarks TEXT
    -> );
ERROR 1064 (42000): You have an error in your SQL syntax; check the manual that corresponds to your MariaDB server version for the right syntax to use near 'REAL NOT NULL,
 Remarks TEXT
)' at line 5
MariaDB [examc0710861]> show databases
    -> ;
+--------------------+
| Database           |
+--------------------+
| c0710861           |
| examc0710861       |
| information_schema |
| menagerie          |
| movies             |
| mysql              |
| mytestdb           |
| performance_schema |
| phpmyadmin         |
| stutestdb          |
| test               |
+--------------------+
11 rows in set (0.00 sec)

MariaDB [examc0710861]> use examc0710861;
Database changed
MariaDB [examc0710861]> show tables;
+------------------------+
| Tables_in_examc0710861 |
+------------------------+
| employee               |
+------------------------+
1 row in set (0.00 sec)

MariaDB [examc0710861]> drop employee;
ERROR 1064 (42000): You have an error in your SQL syntax; check the manual that corresponds to your MariaDB server version for the right syntax to use near 'employee' at line 1
MariaDB [examc0710861]> drop table  employee;
Query OK, 0 rows affected (0.36 sec)

MariaDB [examc0710861]> show tables;
Empty set (0.00 sec)

MariaDB [examc0710861]> CREATE TABLE Employee (
    ->   EmployeeID INTEGER PRIMARY KEY NOT NULL,
    ->   Name TEXT NOT NULL,
    ->   Position TEXT NOT NULL,
    ->   Salary REAL NOT NULL,
    ->   Remarks TEXT
    -> );
Query OK, 0 rows affected (0.23 sec)

MariaDB [examc0710861]>
MariaDB [examc0710861]> CREATE TABLE Planet (
    ->   PlanetID INTEGER PRIMARY KEY NOT NULL,
    ->   Name TEXT NOT NULL,
    ->   Coordinates REAL NOT NULL
    -> );
Query OK, 0 rows affected (0.19 sec)

MariaDB [examc0710861]>
MariaDB [examc0710861]> CREATE TABLE Shipment (
    ->   ShipmentID INTEGER PRIMARY KEY NOT NULL,
    ->   Date TEXT,
    ->   Manager INTEGER NOT NULL
    ->     CONSTRAINT fk_Employee_EmployeeID REFERENCES Employee(EmployeeID),
    ->   Planet INTEGER NOT NULL
    ->     CONSTRAINT fk_Planet_PlanetID REFERENCES Planet(PlanetID)
    -> );
ERROR 1064 (42000): You have an error in your SQL syntax; check the manual that corresponds to your MariaDB server version for the right syntax to use near 'CONSTRAINT fk_Employee_EmployeeID REFERENCES Employee(EmployeeID),
  Planet INTE' at line 5
MariaDB [examc0710861]>
MariaDB [examc0710861]> CREATE TABLE Has_Clearance (
    ->   Employee INTEGER NOT NULL
    ->     CONSTRAINT fk_Employee_EmployeeID REFERENCES Employee(EmployeeID),
    ->   Planet INTEGER NOT NULL
    ->     CONSTRAINT fk_Planet_PlanetID REFERENCES Planet(PlanetID),
    ->   Level INTEGER NOT NULL,
    ->   PRIMARY KEY(Employee, Planet)
    -> );
ERROR 1064 (42000): You have an error in your SQL syntax; check the manual that corresponds to your MariaDB server version for the right syntax to use near 'CONSTRAINT fk_Employee_EmployeeID REFERENCES Employee(EmployeeID),
  Planet INTE' at line 3
MariaDB [examc0710861]>
MariaDB [examc0710861]> CREATE TABLE Client (
    ->   AccountNumber INTEGER PRIMARY KEY NOT NULL,
    ->   Name TEXT NOT NULL
    -> );
Query OK, 0 rows affected (0.18 sec)

MariaDB [examc0710861]>
MariaDB [examc0710861]> CREATE TABLE Package (
    ->   Shipment INTEGER NOT NULL
    ->     CONSTRAINT fk_Shipment_ShipmentID REFERENCES Shipment(ShipmentID),
    ->   PackageNumber INTEGER NOT NULL,
    ->   Contents TEXT NOT NULL,
    ->   Weight REAL NOT NULL,
    ->   Sender INTEGER NOT NULL
    ->     CONSTRAINT fk_Client_AccountNumber REFERENCES Client(AccountNumber),
    ->   Recipient INTEGER NOT NULL
    ->     CONSTRAINT fk_Client_AccountNumber REFERENCES Client(AccountNumber),
    ->   PRIMARY KEY(Shipment, PackageNumber)
    -> );
ERROR 1064 (42000): You have an error in your SQL syntax; check the manual that corresponds to your MariaDB server version for the right syntax to use near 'CONSTRAINT fk_Shipment_ShipmentID REFERENCES Shipment(ShipmentID),
  PackageNumb' at line 3
MariaDB [examc0710861]> show tables;
+------------------------+
| Tables_in_examc0710861 |
+------------------------+
| client                 |
| employee               |
| planet                 |
+------------------------+
3 rows in set (0.00 sec)

MariaDB [examc0710861]> drop table client;
Query OK, 0 rows affected (0.14 sec)

MariaDB [examc0710861]> drop table employee;
Query OK, 0 rows affected (0.14 sec)

MariaDB [examc0710861]> drop table planet;
Query OK, 0 rows affected (0.19 sec)

MariaDB [examc0710861]> CREATE TABLE Employee (
    ->   EmployeeID INTEGER PRIMARY KEY,
    ->   Name VARCHAR(255) NOT NULL,
    ->   Position VARCHAR(255) NOT NULL,
    ->   Salary REAL NOT NULL,
    ->   Remarks VARCHAR(255)
    -> ) ENGINE = InnoDB;
Query OK, 0 rows affected (0.24 sec)

MariaDB [examc0710861]>
MariaDB [examc0710861]> CREATE TABLE Planet (
    ->   PlanetID INTEGER PRIMARY KEY,
    ->   Name VARCHAR(255) NOT NULL,
    ->   Coordinates REAL NOT NULL
    -> ) ENGINE = InnoDB;
Query OK, 0 rows affected (0.23 sec)

MariaDB [examc0710861]>
MariaDB [examc0710861]> CREATE TABLE Shipment (
    ->   ShipmentID INTEGER PRIMARY KEY,
    ->   Date DATE,
    ->   Manager INTEGER NOT NULL,
    ->   Planet INTEGER NOT NULL,
    ->   FOREIGN KEY (Manager) REFERENCES Employee(EmployeeID),
    ->   FOREIGN KEY (Planet) REFERENCES Planet(PlanetID)
    -> ) ENGINE = InnoDB;
Query OK, 0 rows affected (0.36 sec)

MariaDB [examc0710861]>
MariaDB [examc0710861]> CREATE TABLE Has_Clearance (
    ->   Employee INTEGER NOT NULL,
    ->   Planet INTEGER NOT NULL,
    ->   Level INTEGER NOT NULL,
    ->   PRIMARY KEY(Employee, Planet),
    ->   FOREIGN KEY (Employee) REFERENCES Employee(EmployeeID),
    ->   FOREIGN KEY (Planet) REFERENCES Planet(PlanetID)
    -> ) ENGINE = InnoDB;
Query OK, 0 rows affected (0.19 sec)

MariaDB [examc0710861]>
MariaDB [examc0710861]> CREATE TABLE Client (
    ->   AccountNumber INTEGER PRIMARY KEY,
    ->   Name VARCHAR(255) NOT NULL
    -> ) ENGINE = InnoDB;
Query OK, 0 rows affected (0.22 sec)

MariaDB [examc0710861]>
MariaDB [examc0710861]> CREATE TABLE Package (
    ->   Shipment INTEGER NOT NULL,
    ->   PackageNumber INTEGER NOT NULL,
    ->   Contents VARCHAR(255) NOT NULL,
    ->   Weight REAL NOT NULL,
    ->   Sender INTEGER NOT NULL,
    ->   Recipient INTEGER NOT NULL,
    ->   PRIMARY KEY(Shipment, PackageNumber),
    ->   FOREIGN KEY (Shipment) REFERENCES Shipment(ShipmentID),
    ->   FOREIGN KEY (Sender) REFERENCES Client(AccountNumber),
    ->   FOREIGN KEY (Recipient) REFERENCES Client(AccountNumber)
    -> ) ENGINE = InnoDB;
Query OK, 0 rows affected (0.91 sec)

MariaDB [examc0710861]> INSERT INTO Client VALUES(1, 'Zapp Brannigan');
Query OK, 1 row affected (0.08 sec)

MariaDB [examc0710861]> INSERT INTO Client VALUES(2, "Al Gore's Head");
Query OK, 1 row affected (0.06 sec)

MariaDB [examc0710861]> INSERT INTO Client VALUES(3, 'Barbados Slim');
Query OK, 1 row affected (0.05 sec)

MariaDB [examc0710861]> INSERT INTO Client VALUES(4, 'Ogden Wernstrom');
Query OK, 1 row affected (0.05 sec)

MariaDB [examc0710861]> INSERT INTO Client VALUES(5, 'Leo Wong');
Query OK, 1 row affected (0.03 sec)

MariaDB [examc0710861]> INSERT INTO Client VALUES(6, 'Lrrr');
Query OK, 1 row affected (0.03 sec)

MariaDB [examc0710861]> INSERT INTO Client VALUES(7, 'John Zoidberg');
Query OK, 1 row affected (0.04 sec)

MariaDB [examc0710861]> INSERT INTO Client VALUES(8, 'John Zoidfarb');
Query OK, 1 row affected (0.03 sec)

MariaDB [examc0710861]> INSERT INTO Client VALUES(9, 'Morbo');
Query OK, 1 row affected (0.03 sec)

MariaDB [examc0710861]> INSERT INTO Client VALUES(10, 'Judge John Whitey');
Query OK, 1 row affected (0.05 sec)

MariaDB [examc0710861]> INSERT INTO Client VALUES(11, 'Calculon');
Query OK, 1 row affected (0.05 sec)

MariaDB [examc0710861]> INSERT INTO Employee VALUES(1, 'Phillip J. Fry', 'Delivery boy', 7500.0, 'Not to be confused with the Philip J. Fry from Hovering Squid World 97a');
Query OK, 1 row affected (0.06 sec)

MariaDB [examc0710861]> INSERT INTO Employee VALUES(2, 'Turanga Leela', 'Captain', 10000.0, NULL);
Query OK, 1 row affected (0.03 sec)

MariaDB [examc0710861]> INSERT INTO Employee VALUES(3, 'Bender Bending Rodriguez', 'Robot', 7500.0, NULL);
Query OK, 1 row affected (0.01 sec)

MariaDB [examc0710861]> INSERT INTO Employee VALUES(4, 'Hubert J. Farnsworth', 'CEO', 20000.0, NULL);
Query OK, 1 row affected (0.03 sec)

MariaDB [examc0710861]> INSERT INTO Employee VALUES(5, 'John A. Zoidberg', 'Physician', 25.0, NULL);
Query OK, 1 row affected (0.01 sec)

MariaDB [examc0710861]> INSERT INTO Employee VALUES(6, 'Amy Wong', 'Intern', 5000.0, NULL);
Query OK, 1 row affected (0.03 sec)

MariaDB [examc0710861]> INSERT INTO Employee VALUES(7, 'Hermes Conrad', 'Bureaucrat', 10000.0, NULL);
Query OK, 1 row affected (0.01 sec)

MariaDB [examc0710861]> INSERT INTO Employee VALUES(8, 'Scruffy Scruffington', 'Janitor', 5000.0, NULL);
Query OK, 1 row affected (0.03 sec)

MariaDB [examc0710861]> INSERT INTO Planet VALUES(1, 'Omicron Persei 8', 89475345.3545);
Query OK, 1 row affected (0.03 sec)

MariaDB [examc0710861]> INSERT INTO Planet VALUES(2, 'Decapod X', 65498463216.3466);
Query OK, 1 row affected (0.03 sec)

MariaDB [examc0710861]> INSERT INTO Planet VALUES(3, 'Mars', 32435021.65468);
Query OK, 1 row affected (0.06 sec)

MariaDB [examc0710861]> INSERT INTO Planet VALUES(4, 'Omega III', 98432121.5464);
Query OK, 1 row affected (0.05 sec)

MariaDB [examc0710861]> INSERT INTO Planet VALUES(5, 'Tarantulon VI', 849842198.354654);
Query OK, 1 row affected (0.02 sec)

MariaDB [examc0710861]> INSERT INTO Planet VALUES(6, 'Cannibalon', 654321987.21654);
Query OK, 1 row affected (0.03 sec)

MariaDB [examc0710861]> INSERT INTO Planet VALUES(7, 'DogDoo VII', 65498721354.688);
Query OK, 1 row affected (0.02 sec)

MariaDB [examc0710861]> INSERT INTO Planet VALUES(8, 'Nintenduu 64', 6543219894.1654);
Query OK, 1 row affected (0.03 sec)

MariaDB [examc0710861]> INSERT INTO Planet VALUES(9, 'Amazonia', 65432135979.6547);
Query OK, 1 row affected (0.02 sec)

MariaDB [examc0710861]> INSERT INTO Has_Clearance VALUES(1, 1, 2);
Query OK, 1 row affected (0.05 sec)

MariaDB [examc0710861]> INSERT INTO Has_Clearance VALUES(1, 2, 3);
Query OK, 1 row affected (0.03 sec)

MariaDB [examc0710861]> INSERT INTO Has_Clearance VALUES(2, 3, 2);
Query OK, 1 row affected (0.03 sec)

MariaDB [examc0710861]> INSERT INTO Has_Clearance VALUES(2, 4, 4);
Query OK, 1 row affected (0.03 sec)

MariaDB [examc0710861]> INSERT INTO Has_Clearance VALUES(3, 5, 2);
Query OK, 1 row affected (0.05 sec)

MariaDB [examc0710861]> INSERT INTO Has_Clearance VALUES(3, 6, 4);
Query OK, 1 row affected (0.03 sec)

MariaDB [examc0710861]> INSERT INTO Has_Clearance VALUES(4, 7, 1);
Query OK, 1 row affected (0.03 sec)

MariaDB [examc0710861]> INSERT INTO Shipment VALUES(1, '3004/05/11', 1, 1);
Query OK, 1 row affected (0.06 sec)

MariaDB [examc0710861]> INSERT INTO Shipment VALUES(2, '3004/05/11', 1, 2);
Query OK, 1 row affected (0.03 sec)

MariaDB [examc0710861]> INSERT INTO Shipment VALUES(3, NULL, 2, 3);
Query OK, 1 row affected (0.08 sec)

MariaDB [examc0710861]> INSERT INTO Shipment VALUES(4, NULL, 2, 4);
Query OK, 1 row affected (0.05 sec)

MariaDB [examc0710861]> INSERT INTO Shipment VALUES(5, NULL, 7, 5);
Query OK, 1 row affected (0.03 sec)

MariaDB [examc0710861]> INSERT INTO Package VALUES(1, 1, 'Undeclared', 1.5, 1, 2);
Query OK, 1 row affected (0.05 sec)

MariaDB [examc0710861]> INSERT INTO Package VALUES(2, 1, 'Undeclared', 10.0, 2, 3);
Query OK, 1 row affected (0.02 sec)

MariaDB [examc0710861]> INSERT INTO Package VALUES(2, 2, 'A bucket of krill', 2.0, 8, 7);
Query OK, 1 row affected (0.08 sec)

MariaDB [examc0710861]> INSERT INTO Package VALUES(3, 1, 'Undeclared', 15.0, 3, 4);
Query OK, 1 row affected (0.05 sec)

MariaDB [examc0710861]> INSERT INTO Package VALUES(3, 2, 'Undeclared', 3.0, 5, 1);
Query OK, 1 row affected (0.05 sec)

MariaDB [examc0710861]> INSERT INTO Package VALUES(3, 3, 'Undeclared', 7.0, 2, 3);
Query OK, 1 row affected (0.03 sec)

MariaDB [examc0710861]> INSERT INTO Package VALUES(4, 1, 'Undeclared', 5.0, 4, 5);
Query OK, 1 row affected (0.05 sec)

MariaDB [examc0710861]> INSERT INTO Package VALUES(4, 2, 'Undeclared', 27.0, 1, 2);
Query OK, 1 row affected (0.03 sec)

MariaDB [examc0710861]> INSERT INTO Package VALUES(5, 1, 'Undeclared', 100.0, 5, 1);
Query OK, 1 row affected (0.05 sec)

MariaDB [examc0710861]> show tables;
+------------------------+
| Tables_in_examc0710861 |
+------------------------+
| client                 |
| employee               |
| has_clearance          |
| package                |
| planet                 |
| shipment               |
+------------------------+
6 rows in set (0.00 sec)

MariaDB [examc0710861]> select * from client;
+---------------+-------------------+
| AccountNumber | Name              |
+---------------+-------------------+
|             1 | Zapp Brannigan    |
|             2 | Al Gore's Head    |
|             3 | Barbados Slim     |
|             4 | Ogden Wernstrom   |
|             5 | Leo Wong          |
|             6 | Lrrr              |
|             7 | John Zoidberg     |
|             8 | John Zoidfarb     |
|             9 | Morbo             |
|            10 | Judge John Whitey |
|            11 | Calculon          |
+---------------+-------------------+
11 rows in set (0.00 sec)

MariaDB [examc0710861]> select * from employee;
+------------+--------------------------+--------------+--------+-------------------------------------------------------------------------+
| EmployeeID | Name                     | Position     | Salary | Remarks                                                                 |
+------------+--------------------------+--------------+--------+-------------------------------------------------------------------------+
|          1 | Phillip J. Fry           | Delivery boy |   7500 | Not to be confused with the Philip J. Fry from Hovering Squid World 97a |
|          2 | Turanga Leela            | Captain      |  10000 | NULL                                                                    |
|          3 | Bender Bending Rodriguez | Robot        |   7500 | NULL                                                                    |
|          4 | Hubert J. Farnsworth     | CEO          |  20000 | NULL                                                                    |
|          5 | John A. Zoidberg         | Physician    |     25 | NULL                                                                    |
|          6 | Amy Wong                 | Intern       |   5000 | NULL                                                                    |
|          7 | Hermes Conrad            | Bureaucrat   |  10000 | NULL                                                                    |
|          8 | Scruffy Scruffington     | Janitor      |   5000 | NULL                                                                    |
+------------+--------------------------+--------------+--------+-------------------------------------------------------------------------+
8 rows in set (0.00 sec)

MariaDB [examc0710861]> select * from has_clearance;
+----------+--------+-------+
| Employee | Planet | Level |
+----------+--------+-------+
|        1 |      1 |     2 |
|        1 |      2 |     3 |
|        2 |      3 |     2 |
|        2 |      4 |     4 |
|        3 |      5 |     2 |
|        3 |      6 |     4 |
|        4 |      7 |     1 |
+----------+--------+-------+
7 rows in set (0.00 sec)

MariaDB [examc0710861]> select * from package;
+----------+---------------+-------------------+--------+--------+-----------+
| Shipment | PackageNumber | Contents          | Weight | Sender | Recipient |
+----------+---------------+-------------------+--------+--------+-----------+
|        1 |             1 | Undeclared        |    1.5 |      1 |         2 |
|        2 |             1 | Undeclared        |     10 |      2 |         3 |
|        2 |             2 | A bucket of krill |      2 |      8 |         7 |
|        3 |             1 | Undeclared        |     15 |      3 |         4 |
|        3 |             2 | Undeclared        |      3 |      5 |         1 |
|        3 |             3 | Undeclared        |      7 |      2 |         3 |
|        4 |             1 | Undeclared        |      5 |      4 |         5 |
|        4 |             2 | Undeclared        |     27 |      1 |         2 |
|        5 |             1 | Undeclared        |    100 |      5 |         1 |
+----------+---------------+-------------------+--------+--------+-----------+
9 rows in set (0.00 sec)

MariaDB [examc0710861]> select * from planet;
+----------+------------------+------------------+
| PlanetID | Name             | Coordinates      |
+----------+------------------+------------------+
|        1 | Omicron Persei 8 |    89475345.3545 |
|        2 | Decapod X        | 65498463216.3466 |
|        3 | Mars             |   32435021.65468 |
|        4 | Omega III        |    98432121.5464 |
|        5 | Tarantulon VI    | 849842198.354654 |
|        6 | Cannibalon       |  654321987.21654 |
|        7 | DogDoo VII       |  65498721354.688 |
|        8 | Nintenduu 64     |  6543219894.1654 |
|        9 | Amazonia         | 65432135979.6547 |
+----------+------------------+------------------+
9 rows in set (0.00 sec)

MariaDB [examc0710861]> select * from shipment;
+------------+------------+---------+--------+
| ShipmentID | Date       | Manager | Planet |
+------------+------------+---------+--------+
|          1 | 3004-05-11 |       1 |      1 |
|          2 | 3004-05-11 |       1 |      2 |
|          3 | NULL       |       2 |      3 |
|          4 | NULL       |       2 |      4 |
|          5 | NULL       |       7 |      5 |
+------------+------------+---------+--------+
5 rows in set (0.00 sec)

MariaDB [examc0710861]> tee C:/Users/710861/Download/LOG_exam2_c07108611.txt;
mysql: Can't create/write to file 'C:/Users/710861/Download/LOG_exam2_c07108611.txt' (Errcode: 2 "No such file or directory")
Error logging to file 'C:/Users/710861/Download/LOG_exam2_c07108611.txt'
MariaDB [examc0710861]> tee C:/Users/710861/Download/LOG_exam2_c0710861.txt;
mysql: Can't create/write to file 'C:/Users/710861/Download/LOG_exam2_c0710861.txt' (Errcode: 2 "No such file or directory")
Error logging to file 'C:/Users/710861/Download/LOG_exam2_c0710861.txt'
MariaDB [examc0710861]> tee C:/Users/710861/Downloads/LOG_exam2_c0710861.txt;
Logging to file 'C:/Users/710861/Downloads/LOG_exam2_c0710861.txt'
MariaDB [examc0710861]> CREATE TABLE Employee (
    ->   EmployeeID  INTEGER PRIMARY KEY,
    ->   Name        VARCHAR(255) NOT NULL,
    ->   Position    VARCHAR(255) NOT NULL,
    ->   Salary      REAL NOT NULL,
    ->   Remarks     VARCHAR(255)
    -> );
ERROR 1050 (42S01): Table 'employee' already exists
MariaDB [examc0710861]>
MariaDB [examc0710861]> CREATE TABLE Planet (
    ->   PlanetID    INTEGER PRIMARY KEY,
    ->   Name        VARCHAR(255) NOT NULL,
    ->   Coordinates REAL NOT NULL
    -> );
ERROR 1050 (42S01): Table 'planet' already exists
MariaDB [examc0710861]>
MariaDB [examc0710861]> CREATE TABLE Shipment (
    ->   ShipmentID    INTEGER PRIMARY KEY,
    ->   ShipmentDate  DATE,
    ->   Manager       INTEGER NOT NULL,
    ->   Planet        INTEGER NOT NULL,
    ->   FOREIGN KEY (Manager) REFERENCES Employee(EmployeeID),
    ->   FOREIGN KEY (Planet) REFERENCES Planet(PlanetID)
    -> );
ERROR 1050 (42S01): Table 'shipment' already exists
MariaDB [examc0710861]>
MariaDB [examc0710861]> CREATE TABLE Has_Clearance (
    ->   Employee  INTEGER NOT NULL,
    ->   Planet    INTEGER NOT NULL,
    ->   Level     INTEGER NOT NULL,
    ->   PRIMARY KEY(Employee, Planet),
    ->   FOREIGN KEY (Employee) REFERENCES Employee(EmployeeID),
    ->   FOREIGN KEY (Planet) REFERENCES Planet(PlanetID)
    -> );
ERROR 1050 (42S01): Table 'has_clearance' already exists
MariaDB [examc0710861]>
MariaDB [examc0710861]> CREATE TABLE Client (
    ->   AccountNumber INTEGER PRIMARY KEY,
    ->   Name          VARCHAR(255) NOT NULL
    -> );
ERROR 1050 (42S01): Table 'client' already exists
MariaDB [examc0710861]>
MariaDB [examc0710861]> CREATE TABLE Package (
    ->   Shipment      INTEGER NOT NULL,
    ->   PackageNumber INTEGER NOT NULL,
    ->   Contents      VARCHAR(255) NOT NULL,
    ->   Weight        REAL NOT NULL,
    ->   Sender        INTEGER NOT NULL,
    ->   Recipient     INTEGER NOT NULL,
    ->   PRIMARY KEY(Shipment, PackageNumber),
    ->   FOREIGN KEY (Shipment) REFERENCES Shipment(ShipmentID),
    ->   FOREIGN KEY (Sender) REFERENCES Client(AccountNumber),
    ->   FOREIGN KEY (Recipient) REFERENCES Client(AccountNumber)
    -> );
ERROR 1050 (42S01): Table 'package' already exists
MariaDB [examc0710861]> show tables;
+------------------------+
| Tables_in_examc0710861 |
+------------------------+
| client                 |
| employee               |
| has_clearance          |
| package                |
| planet                 |
| shipment               |
+------------------------+
6 rows in set (0.00 sec)

MariaDB [examc0710861]> select * from employee;
+------------+--------------------------+--------------+--------+-------------------------------------------------------------------------+
| EmployeeID | Name                     | Position     | Salary | Remarks                                                                 |
+------------+--------------------------+--------------+--------+-------------------------------------------------------------------------+
|          1 | Phillip J. Fry           | Delivery boy |   7500 | Not to be confused with the Philip J. Fry from Hovering Squid World 97a |
|          2 | Turanga Leela            | Captain      |  10000 | NULL                                                                    |
|          3 | Bender Bending Rodriguez | Robot        |   7500 | NULL                                                                    |
|          4 | Hubert J. Farnsworth     | CEO          |  20000 | NULL                                                                    |
|          5 | John A. Zoidberg         | Physician    |     25 | NULL                                                                    |
|          6 | Amy Wong                 | Intern       |   5000 | NULL                                                                    |
|          7 | Hermes Conrad            | Bureaucrat   |  10000 | NULL                                                                    |
|          8 | Scruffy Scruffington     | Janitor      |   5000 | NULL                                                                    |
+------------+--------------------------+--------------+--------+-------------------------------------------------------------------------+
8 rows in set (0.00 sec)

MariaDB [examc0710861]> select * from shipment ;
+------------+------------+---------+--------+
| ShipmentID | Date       | Manager | Planet |
+------------+------------+---------+--------+
|          1 | 3004-05-11 |       1 |      1 |
|          2 | 3004-05-11 |       1 |      2 |
|          3 | NULL       |       2 |      3 |
|          4 | NULL       |       2 |      4 |
|          5 | NULL       |       7 |      5 |
+------------+------------+---------+--------+
5 rows in set (0.00 sec)

MariaDB [examc0710861]> selct * from employee2
    -> ;
ERROR 1064 (42000): You have an error in your SQL syntax; check the manual that corresponds to your MariaDB server version for the right syntax to use near 'selct * from employee2' at line 1
MariaDB [examc0710861]> selct * from employement shipment* inner join planetid where contents='uncleared';
ERROR 1064 (42000): You have an error in your SQL syntax; check the manual that corresponds to your MariaDB server version for the right syntax to use near 'selct * from employement shipment* inner join planetid where contents='uncleared' at line 1
MariaDB [examc0710861]> selct * from employement shipment * inner join planetid where contents='uncleared';
ERROR 1064 (42000): You have an error in your SQL syntax; check the manual that corresponds to your MariaDB server version for the right syntax to use near 'selct * from employement shipment * inner join planetid where contents='uncleare' at line 1
MariaDB [examc0710861]> create view v1 as select * from employee e inner join shipment s on e.EMPLOYEEID=S.MANAGER where name ="turanga leela";
Query OK, 0 rows affected (0.04 sec)

MariaDB [examc0710861]> select * from v1;
+------------+---------------+----------+--------+---------+------------+------+---------+--------+
| EmployeeID | Name          | Position | Salary | Remarks | ShipmentID | Date | Manager | Planet |
+------------+---------------+----------+--------+---------+------------+------+---------+--------+
|          2 | Turanga Leela | Captain  |  10000 | NULL    |          3 | NULL |       2 |      3 |
|          2 | Turanga Leela | Captain  |  10000 | NULL    |          4 | NULL |       2 |      4 |
+------------+---------------+----------+--------+---------+------------+------+---------+--------+
2 rows in set (0.01 sec)

MariaDB [examc0710861]> select * from package where recipient in(1,5,6);
+----------+---------------+------------+--------+--------+-----------+
| Shipment | PackageNumber | Contents   | Weight | Sender | Recipient |
+----------+---------------+------------+--------+--------+-----------+
|        3 |             2 | Undeclared |      3 |      5 |         1 |
|        4 |             1 | Undeclared |      5 |      4 |         5 |
|        5 |             1 | Undeclared |    100 |      5 |         1 |
+----------+---------------+------------+--------+--------+-----------+
3 rows in set (0.03 sec)

MariaDB [examc0710861]> create view v2 as select * from package where recipient in(1,5,6);
Query OK, 0 rows affected (0.08 sec)

MariaDB [examc0710861]> select * from v2;
+----------+---------------+------------+--------+--------+-----------+
| Shipment | PackageNumber | Contents   | Weight | Sender | Recipient |
+----------+---------------+------------+--------+--------+-----------+
|        3 |             2 | Undeclared |      3 |      5 |         1 |
|        4 |             1 | Undeclared |      5 |      4 |         5 |
|        5 |             1 | Undeclared |    100 |      5 |         1 |
+----------+---------------+------------+--------+--------+-----------+
3 rows in set (0.00 sec)

MariaDB [examc0710861]> select e.name,p.planetid from employee e INNER JOIN has_clearance h ON e.employeeid=h.employee INNER JOIN planet p on h.planet=p.planetid;
+--------------------------+----------+
| name                     | planetid |
+--------------------------+----------+
| Phillip J. Fry           |        1 |
| Phillip J. Fry           |        2 |
| Turanga Leela            |        3 |
| Turanga Leela            |        4 |
| Bender Bending Rodriguez |        5 |
| Bender Bending Rodriguez |        6 |
| Hubert J. Farnsworth     |        7 |
+--------------------------+----------+
7 rows in set (0.00 sec)

MariaDB [examc0710861]> create view v3 as select e.name,p.planetid from employee e INNER JOIN has_clearance h ON e.employeeid=h.employee INNER JOIN planet p on h.planet=p.planetid;
Query OK, 0 rows affected (0.04 sec)

MariaDB [examc0710861]> select * from v3;
+--------------------------+----------+
| name                     | planetid |
+--------------------------+----------+
| Phillip J. Fry           |        1 |
| Phillip J. Fry           |        2 |
| Turanga Leela            |        3 |
| Turanga Leela            |        4 |
| Bender Bending Rodriguez |        5 |
| Bender Bending Rodriguez |        6 |
| Hubert J. Farnsworth     |        7 |
+--------------------------+----------+
7 rows in set (0.00 sec)

MariaDB [examc0710861]> select s.shipmentdate,p.sender,p.recipient from shipment s INNER JOIN package p on s.shipmentid=p.shipment where weight between 5 and 10;
ERROR 1054 (42S22): Unknown column 's.shipmentdate' in 'field list'
MariaDB [examc0710861]> select s.shipmentdate,p.sender,p.recipient from shipment s INNER JOIN package p on s.shipmentid=p.shipment where weight between 5 and 10;
ERROR 1054 (42S22): Unknown column 's.shipmentdate' in 'field list'
MariaDB [examc0710861]> create view  v4 as select s.shipmentdate,p.sender,p.recipient from shipment s INNER JOIN package p on s.shipmentid=p.shipment where weight between 5 and 10;
ERROR 1054 (42S22): Unknown column 's.shipmentdate' in 'field list'
MariaDB [examc0710861]> select s.shipmentdate,p.sender,p.recipient from shipment s INNER JOIN package p on s.shipmentid=p.shipment where weight between 5 and 10;
ERROR 1054 (42S22): Unknown column 's.shipmentdate' in 'field list'
MariaDB [examc0710861]>
MariaDB [examc0710861]> select s.shipmentdate,p.sender,p.recipient from shipment s INNER JOIN package p on s.shipmentid=p.shipment where weight between 5 and 10; create view  v4 as select s.shipmentdate,p.sender,p.recipient from shipment s INNER JOIN package p on s.shipmentid=p.shipment where weight between 5 and 10;
ERROR 1054 (42S22): Unknown column 's.shipmentdate' in 'field list'
ERROR 1054 (42S22): Unknown column 's.shipmentdate' in 'field list'
MariaDB [examc0710861]> select s.shipmentdate,p.sender,p.recipient from shipment s INNER JOIN package p on s.shipmentid=p.shipment where weight between 5 and 10;
ERROR 1054 (42S22): Unknown column 's.shipmentdate' in 'field list'
MariaDB [examc0710861]> select s.shipmentdate,p.sender,p.recipient from shipment s INNER JOIN package p on s.shipmentid=p.shipment where weight between 5 and 10;
ERROR 1054 (42S22): Unknown column 's.shipmentdate' in 'field list'
MariaDB [examc0710861]> select * from  shipment s INNER JOIN planet p ON s.planet=p.planetid where name ='mars' or 'Amazonia';
+------------+------+---------+--------+----------+------+----------------+
| ShipmentID | Date | Manager | Planet | PlanetID | Name | Coordinates    |
+------------+------+---------+--------+----------+------+----------------+
|          3 | NULL |       2 |      3 |        3 | Mars | 32435021.65468 |
+------------+------+---------+--------+----------+------+----------------+
1 row in set, 4 warnings (0.00 sec)

MariaDB [examc0710861]> create view v5 as select * from  shipment s INNER JOIN planet p ON s.planet=p.planetid where name ='mars' or 'Amazonia';
Query OK, 0 rows affected, 1 warning (0.02 sec)

MariaDB [examc0710861]> select from * v5;
ERROR 1064 (42000): You have an error in your SQL syntax; check the manual that corresponds to your MariaDB server version for the right syntax to use near 'from * v5' at line 1
MariaDB [examc0710861]> select * from v5;
+------------+------+---------+--------+----------+------+----------------+
| ShipmentID | Date | Manager | Planet | PlanetID | Name | Coordinates    |
+------------+------+---------+--------+----------+------+----------------+
|          3 | NULL |       2 |      3 |        3 | Mars | 32435021.65468 |
+------------+------+---------+--------+----------+------+----------------+
1 row in set, 6 warnings (0.00 sec)

MariaDB [examc0710861]> select c.name from client c INNER JOIN package p ON c.accountnumber=p.sender where contents='undeclared';
+-----------------+
| name            |
+-----------------+
| Zapp Brannigan  |
| Al Gore's Head  |
| Barbados Slim   |
| Leo Wong        |
| Al Gore's Head  |
| Ogden Wernstrom |
| Zapp Brannigan  |
| Leo Wong        |
+-----------------+
8 rows in set (0.00 sec)

MariaDB [examc0710861]> create view v6 as select c.name from client c INNER JOIN package p ON c.accountnumber=p.sender where contents='undeclared';
Query OK, 0 rows affected (0.07 sec)

MariaDB [examc0710861]> select from * v5;
ERROR 1064 (42000): You have an error in your SQL syntax; check the manual that corresponds to your MariaDB server version for the right syntax to use near 'from * v5' at line 1
MariaDB [examc0710861]> select * from v6;
+-----------------+
| name            |
+-----------------+
| Zapp Brannigan  |
| Al Gore's Head  |
| Barbados Slim   |
| Leo Wong        |
| Al Gore's Head  |
| Ogden Wernstrom |
| Zapp Brannigan  |
| Leo Wong        |
+-----------------+
8 rows in set (0.00 sec)

MariaDB [examc0710861]> select
